// Jest Snapshot v1, https://goo.gl/fbAQLP

exports[`FormFile.vue matches the previously stored snapshot 1`] = `
<div class="input-file"><input id="file" type="file" name="file"> <label for="file" class="">
    Select a file
  </label></div>
`;
