// Jest Snapshot v1, https://goo.gl/fbAQLP

exports[`FormInput.vue matches the previously stored snapshot 1`] = `<input name="first_name" type="text" class="bg-white focus:outline-none focus:shadow-outline border border-gray-300 py-2 px-4 block w-full appearance-none leading-normal">`;
